This is pdfTeX, Version 3.141592653-2.6-1.40.27 (TeX Live 2025) (preloaded format=latex 2025.3.17)  23 DEC 2025 18:50
entering extended mode
 restricted \write18 enabled.
 %&-line parsing enabled.
**\nonstopmode\input reinforcement-learning-lecture2.tex
(./reinforcement-learning-lecture2.tex
(/usr/local/texlive/2025/texmf-dist/tex/latex/subfiles/subfiles.cls
Document Class: subfiles 2020/11/14 v2.2 Multi-file projects (class)
Preamble taken from file `../../../include/open-logic-chapter'
(/usr/local/texlive/2025/texmf-dist/tex/latex/import/import.sty
Package: import 2020/04/01  v 6.2
)

! LaTeX Error: File `../../../include/open-logic-chapter.tex' not found.

Type X to quit or <RETURN> to proceed,
or enter new name. (Default extension: tex)

Enter file name: 
! Emergency stop.
<read *> 
         
l.45 \input{\preamble@file}
                           ^^M
*** (cannot \read from terminal in nonstop modes)

 
Here is how much of TeX's memory you used:
 74 strings out of 473191
 1830 string characters out of 5715826
 391978 words of memory out of 5000000
 23417 multiletter control sequences out of 15000+600000
 558837 words of font info for 36 fonts, out of 8000000 for 9000
 1141 hyphenation exceptions out of 8191
 42i,0n,55p,188b,17s stack positions out of 10000i,1000n,20000p,200000b,200000s
No pages of output.
